=== Test 1: Basic JWT ===
Token: eyJhbGciOiJIUzI1NiIsInR5cCI6IkpXVCJ9.eyJzdWIiOjEsImV4cCI6OTk5OTk5OTk5OX0.HgdFEQxFI8tryoHySq9vAOD3UIG4i2kYruSJ4F88URE
Decode FAIL: Subject must be a string.

=== Test 2: Service functions ===
Service SECRET_KEY: 'supersecret'
Service ALGORITHM: 'HS256'
Created token: eyJhbGciOiJIUzI1NiIsInR5cCI6IkpXVCJ9.eyJzdWIiOjEsImV4cCI6MTc3MTYwNjY1OH0.LHNNvpA2V7IztClJB04pCb12IOBEzecLAShxOVP3Huw
Verify FAIL: HTTPException: 401: Invalid or expired token

=== Test 3: Cross-decode (manual) ===
Cross decode FAIL: JWTClaimsError: Subject must be a string.

=== Test 4: Check sub type ===
FAIL: Subject must be a string.
